// Vitest Snapshot v1, https://vitest.dev/guide/snapshot.html

exports[`16 × 9 ranking snapshot (loaded from scores/*.yaml) > matches the locked snapshot of weighted totals 1`] = `
{
  "barack_obama": {
    "classical_liberal": 1.5772,
    "communitarian": 2.5024,
    "conservative": 2.1468,
    "default": 2.2554,
    "internationalist": 2.2694,
    "libertarian": 1.3031,
    "populist": 2.0217,
    "progressive": 2.3336,
    "realist": 1.961,
  },
  "bill_clinton": {
    "classical_liberal": 1.2777,
    "communitarian": 1.2964,
    "conservative": 1.4143,
    "default": 1.3734,
    "internationalist": 1.4579,
    "libertarian": 1.3371,
    "populist": 1.5062,
    "progressive": 1.4741,
    "realist": 1.278,
  },
  "donald_trump_t1": {
    "classical_liberal": -4.9296,
    "communitarian": -4.9898,
    "conservative": -4.7264,
    "default": -4.7581,
    "internationalist": -4.8566,
    "libertarian": -5.0234,
    "populist": -4.7426,
    "progressive": -4.6142,
    "realist": -4.3365,
  },
  "donald_trump_t2": {
    "classical_liberal": -5.3312,
    "communitarian": -5.4716,
    "conservative": -5.0676,
    "default": -5.217,
    "internationalist": -5.3503,
    "libertarian": -5.3538,
    "populist": -5.2629,
    "progressive": -5.2541,
    "realist": -4.7299,
  },
  "dwight_d_eisenhower": {
    "classical_liberal": 2.3195,
    "communitarian": 2.8235,
    "conservative": 2.8525,
    "default": 2.7095,
    "internationalist": 2.579,
    "libertarian": 2.2585,
    "populist": 2.608,
    "progressive": 2.307,
    "realist": 2.588,
  },
  "franklin_d_roosevelt": {
    "classical_liberal": 2.433,
    "communitarian": 3.4519,
    "conservative": 3.3162,
    "default": 3.5343,
    "internationalist": 3.3785,
    "libertarian": 2.0615,
    "populist": 3.4346,
    "progressive": 2.8906,
    "realist": 3.6833,
  },
  "george_h_w_bush": {
    "classical_liberal": 2.2781,
    "communitarian": 2.7891,
    "conservative": 2.7454,
    "default": 2.6528,
    "internationalist": 2.8438,
    "libertarian": 2.0987,
    "populist": 2.5686,
    "progressive": 2.5774,
    "realist": 2.789,
  },
  "george_w_bush": {
    "classical_liberal": -3.0586,
    "communitarian": -2.2643,
    "conservative": -2.8189,
    "default": -2.8621,
    "internationalist": -2.9921,
    "libertarian": -3.2754,
    "populist": -2.7486,
    "progressive": -2.2807,
    "realist": -3.515,
  },
  "gerald_ford": {
    "classical_liberal": 2.8078,
    "communitarian": 3.0551,
    "conservative": 2.8332,
    "default": 2.8546,
    "internationalist": 2.9281,
    "libertarian": 2.7544,
    "populist": 2.5708,
    "progressive": 2.8389,
    "realist": 2.6315,
  },
  "harry_s_truman": {
    "classical_liberal": 1.5831,
    "communitarian": 2.4641,
    "conservative": 2.3129,
    "default": 2.2828,
    "internationalist": 2.1313,
    "libertarian": 1.2712,
    "populist": 2.4211,
    "progressive": 2.3399,
    "realist": 2.429,
  },
  "jimmy_carter": {
    "classical_liberal": 3.3276,
    "communitarian": 3.1151,
    "conservative": 2.9304,
    "default": 3.0373,
    "internationalist": 3.1878,
    "libertarian": 3.3497,
    "populist": 2.3491,
    "progressive": 3.1544,
    "realist": 2.7645,
  },
  "joe_biden": {
    "classical_liberal": 1.9235,
    "communitarian": 1.9797,
    "conservative": 1.8395,
    "default": 1.9076,
    "internationalist": 1.9783,
    "libertarian": 1.9386,
    "populist": 1.5147,
    "progressive": 2.0885,
    "realist": 1.6402,
  },
  "john_f_kennedy": {
    "classical_liberal": 2.7475,
    "communitarian": 3.1958,
    "conservative": 3.1424,
    "default": 2.9851,
    "internationalist": 2.9074,
    "libertarian": 2.6876,
    "populist": 3.1228,
    "progressive": 2.7377,
    "realist": 2.7952,
  },
  "lyndon_b_johnson": {
    "classical_liberal": 0.6272,
    "communitarian": 1.6099,
    "conservative": 0.7518,
    "default": 0.9079,
    "internationalist": 0.7294,
    "libertarian": 0.4381,
    "populist": 1.5117,
    "progressive": 2.4011,
    "realist": 0.056,
  },
  "richard_nixon": {
    "classical_liberal": -1.0359,
    "communitarian": -0.1592,
    "conservative": -0.6386,
    "default": -0.3224,
    "internationalist": 0.0631,
    "libertarian": -1.4356,
    "populist": 0.0706,
    "progressive": 0.9362,
    "realist": -0.238,
  },
  "ronald_reagan": {
    "classical_liberal": -0.4495,
    "communitarian": -0.1235,
    "conservative": 0.0225,
    "default": -0.297,
    "internationalist": -0.1665,
    "libertarian": -0.5485,
    "populist": -0.2555,
    "progressive": -1.042,
    "realist": -0.1355,
  },
}
`;
